** Drc report for masaüstü güç kaynağı.kicad_pcb **
** Created on 2026-09-12T13:18:41 **
** Report includes: Errors, Warnings, Exclusions **

** Found 93 DRC violations **
[shorting_items]: Items shorting two nets (nets GND and ENCODER_SW)
    Local override; error
    @(78.4750 mm, 66.9050 mm): Pad 5 [GND] of U8 on F.Cu
    @(81.0000 mm, 66.5000 mm): PTH pad 4 [ENCODER_SW] of SW3
[shorting_items]: Items shorting two nets (nets Net-(U8-EN_PWM) and ENCODER_SW)
    Local override; error
    @(78.4750 mm, 65.6350 mm): Pad 6 [Net-(U8-EN_PWM)] of U8 on F.Cu
    @(81.0000 mm, 66.5000 mm): PTH pad 4 [ENCODER_SW] of SW3
[courtyards_overlap]: Courtyards overlap
    Rule: board setup constraints courtyard; error
    @(81.0000 mm, 61.0000 mm): Footprint C22
    @(97.5000 mm, 69.0000 mm): Footprint SW3
[courtyards_overlap]: Courtyards overlap
    Rule: board setup constraints courtyard; error
    @(76.0000 mm, 65.0000 mm): Footprint U8
    @(97.5000 mm, 69.0000 mm): Footprint SW3
[pth_inside_courtyard]: PTH inside courtyard
    Local override; error
    @(81.0000 mm, 66.5000 mm): PTH pad 4 [ENCODER_SW] of SW3
    @(76.0000 mm, 65.0000 mm): Footprint U8
[solder_mask_bridge]: Front solder mask aperture bridges items with different nets
    Rule: board setup solder mask min width; error
    @(81.0000 mm, 66.5000 mm): PTH pad 4 [ENCODER_SW] of SW3
    @(78.4750 mm, 66.9050 mm): Pad 5 [GND] of U8 on F.Cu
[solder_mask_bridge]: Front solder mask aperture bridges items with different nets
    Rule: board setup solder mask min width; error
    @(81.0000 mm, 66.5000 mm): PTH pad 4 [ENCODER_SW] of SW3
    @(78.4750 mm, 65.6350 mm): Pad 6 [Net-(U8-EN_PWM)] of U8 on F.Cu
[silk_edge_clearance]: Silkscreen clipped by board edge
    Rule: board setup constraints silk; warning
    @(22.0000 mm, 20.0000 mm): Segment on Edge.Cuts
    @(29.0000 mm, 20.3400 mm): Reference field of C1
[silk_edge_clearance]: Silkscreen clipped by board edge
    Rule: board setup constraints silk; warning
    @(22.0000 mm, 20.0000 mm): Segment on Edge.Cuts
    @(48.5000 mm, 20.3300 mm): Reference field of R5
[silk_edge_clearance]: Silkscreen clipped by board edge
    Rule: board setup constraints silk; warning
    @(22.0000 mm, 20.0000 mm): Segment on Edge.Cuts
    @(55.0000 mm, 19.8700 mm): Reference field of R11
[silk_edge_clearance]: Silkscreen clipped by board edge
    Rule: board setup constraints silk; warning
    @(107.9993 mm, 22.0007 mm): Arc on Edge.Cuts
    @(110.0000 mm, 21.0000 mm): Segment of U2 on F.Silkscreen
[silk_edge_clearance]: Silkscreen clipped by board edge
    Rule: board setup constraints silk; warning
    @(107.9993 mm, 22.0007 mm): Arc on Edge.Cuts
    @(110.0000 mm, 21.0000 mm): Segment of U2 on F.Silkscreen
[silk_edge_clearance]: Silkscreen clipped by board edge
    Rule: board setup constraints silk; warning
    @(110.0000 mm, 22.0000 mm): Segment on Edge.Cuts
    @(110.0000 mm, 39.0000 mm): Segment of U2 on F.Silkscreen
[silk_edge_clearance]: Silkscreen clipped by board edge
    Rule: board setup constraints silk; warning
    @(22.0000 mm, 20.0000 mm): Segment on Edge.Cuts
    @(45.5000 mm, 20.3300 mm): Reference field of R4
[silk_edge_clearance]: Silkscreen clipped by board edge
    Rule: board setup constraints silk; warning
    @(22.0000 mm, 20.0000 mm): Segment on Edge.Cuts
    @(35.7500 mm, 20.5700 mm): Reference field of C3
[silk_edge_clearance]: Silkscreen clipped by board edge
    Rule: board setup constraints silk; warning
    @(22.0000 mm, 20.0000 mm): Segment on Edge.Cuts
    @(32.0000 mm, 20.3400 mm): Reference field of C2
[silk_edge_clearance]: Silkscreen clipped by board edge
    Rule: board setup constraints silk; warning
    @(22.0000 mm, 20.0000 mm): Segment on Edge.Cuts
    @(39.5000 mm, 20.3400 mm): Reference field of C4
[silk_edge_clearance]: Silkscreen clipped by board edge
    Rule: board setup constraints silk; warning
    @(22.0000 mm, 20.0000 mm): Segment on Edge.Cuts
    @(42.5000 mm, 20.3300 mm): Reference field of D1
[text_height]: Text height out of range (board setup constraints silk text height min height 0.8000 mm; actual 0.7000 mm)
    Rule: board setup constraints silk text height; warning
    @(32.3000 mm, 28.9820 mm): Reference field of U9
[text_height]: Text height out of range (board setup constraints silk text height min height 0.8000 mm; actual 0.7000 mm)
    Rule: board setup constraints silk text height; warning
    @(29.3000 mm, 30.0000 mm): Reference field of J1
[silk_over_copper]: Silkscreen clipped by solder mask
    Local override; warning
    @(99.7500 mm, 41.3300 mm): Reference field of R23
[silk_over_copper]: Silkscreen clipped by solder mask
    Local override; warning
    @(93.7500 mm, 39.8300 mm): Reference field of R10
[silk_over_copper]: Silkscreen clipped by solder mask
    Local override; warning
    @(40.2500 mm, 22.2000 mm): Reference field of C8
[silk_over_copper]: Silkscreen clipped by solder mask
    Local override; warning
    @(94.0000 mm, 41.3400 mm): Reference field of C9
[silk_over_copper]: Silkscreen clipped by solder mask
    Local override; warning
    @(78.0000 mm, 44.8020 mm): Reference field of TP8
[silk_over_copper]: Silkscreen clipped by solder mask
    Local override; warning
    @(30.5000 mm, 21.8300 mm): Reference field of R6
[silk_over_copper]: Silkscreen clipped by solder mask
    Local override; warning
    @(91.0000 mm, 41.3400 mm): Reference field of C7
[silk_over_copper]: Silkscreen clipped by solder mask
    Local override; warning
    @(99.7500 mm, 43.3020 mm): Reference field of TP7
[silk_over_copper]: Silkscreen clipped by solder mask
    Local override; warning
    @(67.7500 mm, 59.3300 mm): Reference field of R45
[silk_over_copper]: Silkscreen clipped by solder mask
    Local override; warning
    @(38.7500 mm, 32.6000 mm): Reference field of Q2
[silk_over_copper]: Silkscreen clipped by solder mask
    Local override; warning
    @(90.7500 mm, 39.8300 mm): Reference field of R3
[silk_over_copper]: Silkscreen clipped by solder mask
    Local override; warning
    @(35.7500 mm, 24.8300 mm): Reference field of R14
[silk_over_copper]: Silkscreen clipped by solder mask
    Local override; warning
    @(96.7500 mm, 39.8300 mm): Reference field of R15
[silk_over_copper]: Silkscreen clipped by solder mask
    Local override; warning
    @(56.5000 mm, 59.3300 mm): Reference field of R36
[silk_over_copper]: Silkscreen clipped by solder mask
    Local override; warning
    @(35.7500 mm, 23.3300 mm): Reference field of R12
[silk_over_copper]: Silkscreen clipped by solder mask
    Local override; warning
    @(32.7500 mm, 24.8300 mm): Reference field of R13
[silk_over_copper]: Silkscreen clipped by solder mask
    Local override; warning
    @(30.5000 mm, 35.0520 mm): Reference field of TP1
[silk_over_copper]: Silkscreen clipped by solder mask
    Local override; warning
    @(90.7500 mm, 42.8300 mm): Reference field of R26
[silk_over_copper]: Silkscreen clipped by solder mask
    Local override; warning
    @(30.5000 mm, 33.0800 mm): Reference field of TH1
[silk_over_copper]: Silkscreen clipped by solder mask
    Local override; warning
    @(64.7500 mm, 59.3300 mm): Reference field of R44
[silk_over_copper]: Silkscreen clipped by solder mask
    Local override; warning
    @(88.0000 mm, 41.3400 mm): Reference field of C6
[silk_over_copper]: Silkscreen clipped by solder mask
    Local override; warning
    @(44.0000 mm, 21.8300 mm): Reference field of R7
[silk_over_copper]: Silkscreen clipped by solder mask
    Local override; warning
    @(68.8300 mm, 50.0000 mm): Reference field of R38
[silk_over_copper]: Silkscreen clipped by solder mask
    Local override; warning
    @(78.0000 mm, 41.3300 mm): Reference field of R22
[silk_over_copper]: Silkscreen clipped by solder mask
    Local override; warning
    @(32.7500 mm, 30.0800 mm): Reference field of R21
[silk_over_copper]: Silkscreen clipped by solder mask
    Local override; warning
    @(47.0000 mm, 23.6000 mm): Reference field of Q4
[silk_over_copper]: Silkscreen clipped by solder mask
    Local override; warning
    @(96.7500 mm, 43.3020 mm): Reference field of TP6
[silk_over_copper]: Silkscreen clipped by solder mask
    Local override; warning
    @(56.5000 mm, 60.8300 mm): Reference field of R46
[silk_over_copper]: Silkscreen clipped by solder mask
    Local override; warning
    @(78.0000 mm, 42.8300 mm): Reference field of R24
[silk_over_copper]: Silkscreen clipped by solder mask
    Local override; warning
    @(97.0000 mm, 41.3400 mm): Reference field of C10
[silk_over_copper]: Silkscreen clipped by solder mask
    Local override; warning
    @(99.0000 mm, 61.8000 mm): Rectangle of SW3 on F.Silkscreen
[silk_over_copper]: Silkscreen clipped by solder mask
    Local override; warning
    @(87.7500 mm, 42.8300 mm): Reference field of R25
[silk_over_copper]: Silkscreen clipped by solder mask
    Local override; warning
    @(99.7500 mm, 39.8300 mm): Reference field of R16
[silk_over_copper]: Silkscreen clipped by solder mask
    Local override; warning
    @(63.8184 mm, 67.1100 mm): Footprint text of J3 (541324062)
[silk_over_copper]: Silkscreen clipped by solder mask
    Local override; warning
    @(87.7500 mm, 39.8300 mm): Reference field of R2
[silk_over_copper]: Silkscreen clipped by solder mask
    Local override; warning
    @(47.0000 mm, 21.8300 mm): Reference field of R8
[silk_over_copper]: Silkscreen clipped by solder mask
    Local override; warning
    @(93.7500 mm, 42.8300 mm): Reference field of R37
[silk_over_copper]: Silkscreen clipped by solder mask
    Local override; warning
    @(48.0000 mm, 55.7000 mm): Reference field of C16
[silk_overlap]: Silkscreen clearance
    Rule: board setup constraints silk; warning
    @(78.0000 mm, 44.8020 mm): Reference field of TP8
    @(77.8464 mm, 44.3800 mm): Segment of R24 on F.Silkscreen
[silk_overlap]: Silkscreen clearance
    Rule: board setup constraints silk; warning
    @(77.8464 mm, 42.8800 mm): Segment of R22 on F.Silkscreen
    @(78.0000 mm, 42.8300 mm): Reference field of R24
[silk_overlap]: Silkscreen clearance
    Rule: board setup constraints silk; warning
    @(78.0000 mm, 41.3300 mm): Reference field of R22
    @(77.8464 mm, 41.3800 mm): Segment of R1 on F.Silkscreen
[silk_overlap]: Silkscreen clearance
    Rule: board setup constraints silk; warning
    @(87.8922 mm, 42.8600 mm): Segment of C6 on F.Silkscreen
    @(87.7500 mm, 42.8300 mm): Reference field of R25
[silk_overlap]: Silkscreen clearance
    Rule: board setup constraints silk; warning
    @(99.7500 mm, 41.3300 mm): Reference field of R23
    @(99.5964 mm, 41.3800 mm): Segment of R16 on F.Silkscreen
[silk_overlap]: Silkscreen clearance
    Rule: board setup constraints silk; warning
    @(99.5964 mm, 42.8800 mm): Segment of R23 on F.Silkscreen
    @(99.7500 mm, 43.3020 mm): Reference field of TP7
[silk_overlap]: Silkscreen clearance
    Rule: board setup constraints silk; warning
    @(96.8922 mm, 42.8600 mm): Segment of C10 on F.Silkscreen
    @(96.7500 mm, 43.3020 mm): Reference field of TP6
[silk_overlap]: Silkscreen clearance
    Rule: board setup constraints silk; warning
    @(97.0000 mm, 41.3400 mm): Reference field of C10
    @(96.5964 mm, 41.3800 mm): Segment of R15 on F.Silkscreen
[silk_overlap]: Silkscreen clearance
    Rule: board setup constraints silk; warning
    @(93.7500 mm, 42.8300 mm): Reference field of R37
    @(93.8922 mm, 42.8600 mm): Segment of C9 on F.Silkscreen
[silk_overlap]: Silkscreen clearance
    Rule: board setup constraints silk; warning
    @(90.7500 mm, 42.8300 mm): Reference field of R26
    @(90.8922 mm, 42.8600 mm): Segment of C7 on F.Silkscreen
[silk_overlap]: Silkscreen clearance
    Rule: board setup constraints silk; warning
    @(32.7500 mm, 24.8300 mm): Reference field of R13
    @(32.5964 mm, 24.8800 mm): Segment of R9 on F.Silkscreen
[silk_overlap]: Silkscreen clearance
    Rule: board setup constraints silk; warning
    @(35.7500 mm, 23.3300 mm): Reference field of R12
    @(35.4887 mm, 22.9850 mm): Segment of C3 on F.Silkscreen
[silk_overlap]: Silkscreen clearance
    Rule: board setup constraints silk; warning
    @(35.5964 mm, 24.8800 mm): Segment of R12 on F.Silkscreen
    @(35.7500 mm, 24.8300 mm): Reference field of R14
[silk_overlap]: Silkscreen clearance
    Rule: board setup constraints silk; warning
    @(32.5990 mm, 28.5020 mm): Segment of U9 on F.Silkscreen
    @(32.7500 mm, 30.0800 mm): Reference field of R21
[silk_overlap]: Silkscreen clearance
    Rule: board setup constraints silk; warning
    @(30.5000 mm, 33.0800 mm): Reference field of TH1
    @(29.6900 mm, 31.8900 mm): Segment of D5 on F.Silkscreen
[silk_overlap]: Silkscreen clearance
    Rule: board setup constraints silk; warning
    @(29.6900 mm, 33.1100 mm): Segment of D5 on F.Silkscreen
    @(30.5000 mm, 33.0800 mm): Reference field of TH1
[silk_overlap]: Silkscreen clearance
    Rule: board setup constraints silk; warning
    @(30.3464 mm, 34.6300 mm): Segment of TH1 on F.Silkscreen
    @(30.5000 mm, 35.0520 mm): Reference field of TP1
[silk_overlap]: Silkscreen clearance
    Rule: board setup constraints silk; warning
    @(29.6900 mm, 28.3900 mm): Segment of D4 on F.Silkscreen
    @(29.3000 mm, 30.0000 mm): Reference field of J1
[silk_overlap]: Silkscreen clearance
    Rule: board setup constraints silk; warning
    @(29.3000 mm, 30.0000 mm): Reference field of J1
    @(29.6900 mm, 29.6100 mm): Segment of D4 on F.Silkscreen
[silk_overlap]: Silkscreen clearance
    Rule: board setup constraints silk; warning
    @(46.8464 mm, 23.3800 mm): Segment of R8 on F.Silkscreen
    @(47.0000 mm, 23.6000 mm): Reference field of Q4
[silk_overlap]: Silkscreen clearance
    Rule: board setup constraints silk; warning
    @(39.3922 mm, 21.8600 mm): Segment of C4 on F.Silkscreen
    @(40.2500 mm, 22.2000 mm): Reference field of C8
[silk_overlap]: Silkscreen clearance
    Rule: board setup constraints silk; warning
    @(64.7500 mm, 59.3300 mm): Reference field of R44
    @(64.5964 mm, 59.3800 mm): Segment of R28 on F.Silkscreen
[silk_overlap]: Silkscreen clearance
    Rule: board setup constraints silk; warning
    @(64.7500 mm, 59.3300 mm): Reference field of R44
    @(64.5964 mm, 58.6200 mm): Segment of R28 on F.Silkscreen
[silk_overlap]: Silkscreen clearance
    Rule: board setup constraints silk; warning
    @(99.0000 mm, 61.8000 mm): Rectangle of SW3 on F.Silkscreen
    @(78.0600 mm, 67.5600 mm): Segment of U8 on F.Silkscreen
[silk_overlap]: Silkscreen clearance
    Rule: board setup constraints silk; warning
    @(99.0000 mm, 61.8000 mm): Rectangle of SW3 on F.Silkscreen
    @(76.0000 mm, 61.6000 mm): Reference field of U8
[silk_overlap]: Silkscreen clearance
    Rule: board setup constraints silk; warning
    @(99.0000 mm, 61.8000 mm): Rectangle of SW3 on F.Silkscreen
    @(73.9400 mm, 62.4400 mm): Segment of U8 on F.Silkscreen
[silk_overlap]: Silkscreen clearance
    Rule: board setup constraints silk; warning
    @(67.0000 mm, 63.3500 mm): Reference field of U7
    @(66.2800 mm, 64.0600 mm): Polygon of U7 on F.Silkscreen
[silk_overlap]: Silkscreen clearance
    Rule: board setup constraints silk; warning
    @(63.1600 mm, 62.8400 mm): Segment of L2 on F.Silkscreen
    @(63.8184 mm, 67.1100 mm): Footprint text of J3 (541324062)
[silk_overlap]: Silkscreen clearance
    Rule: board setup constraints silk; warning
    @(63.1600 mm, 67.1600 mm): Segment of L2 on F.Silkscreen
    @(63.8184 mm, 67.1100 mm): Footprint text of J3 (541324062)
[silk_overlap]: Silkscreen clearance
    Rule: board setup constraints silk; warning
    @(54.7000 mm, 50.7000 mm): Segment of L1 on F.Silkscreen
    @(54.8730 mm, 51.0950 mm): Reference field of D2
[silk_overlap]: Silkscreen clearance
    Rule: board setup constraints silk; warning
    @(67.7500 mm, 59.3300 mm): Reference field of R45
    @(67.5964 mm, 59.3800 mm): Segment of R29 on F.Silkscreen
[silk_overlap]: Silkscreen clearance
    Rule: board setup constraints silk; warning
    @(67.5964 mm, 58.6200 mm): Segment of R29 on F.Silkscreen
    @(67.7500 mm, 59.3300 mm): Reference field of R45
[silk_overlap]: Silkscreen clearance
    Rule: board setup constraints silk; warning
    @(54.7000 mm, 48.4000 mm): Segment of L1 on F.Silkscreen
    @(54.8730 mm, 51.0950 mm): Reference field of D2
[silk_overlap]: Silkscreen clearance
    Rule: board setup constraints silk; warning
    @(56.3464 mm, 60.1200 mm): Segment of R36 on F.Silkscreen
    @(56.5000 mm, 60.8300 mm): Reference field of R46
[silk_overlap]: Silkscreen clearance
    Rule: board setup constraints silk; warning
    @(56.3464 mm, 60.8800 mm): Segment of R36 on F.Silkscreen
    @(56.5000 mm, 60.8300 mm): Reference field of R46

** Found 274 unconnected pads **
[unconnected_items]: Missing connection between items
    Local override; error
    @(60.9625 mm, 34.0000 mm): Pad 2 [OUT_POS] of RShunt on F.Cu
    @(64.1500 mm, 38.5000 mm): Pad 9 [OUT_POS] of U3 on F.Cu
[unconnected_items]: Missing connection between items
    Local override; error
    @(60.9625 mm, 34.0000 mm): Pad 2 [OUT_POS] of RShunt on F.Cu
    @(70.0000 mm, 30.1200 mm): PTH pad 1 [OUT_POS] of J4
[unconnected_items]: Missing connection between items
    Local override; error
    @(64.1500 mm, 39.0000 mm): Pad 8 [OUT_POS] of U3 on F.Cu
    @(64.1500 mm, 38.5000 mm): Pad 9 [OUT_POS] of U3 on F.Cu
[unconnected_items]: Missing connection between items
    Local override; error
    @(70.0000 mm, 30.1200 mm): PTH pad 1 [OUT_POS] of J4
    @(70.0000 mm, 22.5000 mm): PTH pad 1 [OUT_POS] of J4
[unconnected_items]: Missing connection between items
    Local override; error
    @(22.4000 mm, 35.8500 mm): Pad SH [GND] of J1 on B.Cu
    @(26.2500 mm, 34.0000 mm): PTH pad SH [GND] of J1
[unconnected_items]: Missing connection between items
    Local override; error
    @(26.2500 mm, 26.0000 mm): PTH pad SH [GND] of J1
    @(25.9500 mm, 27.2500 mm): Pad B12 [GND] of J1 on F.Cu
[unconnected_items]: Missing connection between items
    Local override; error
    @(26.2500 mm, 26.0000 mm): PTH pad SH [GND] of J1
    @(22.4000 mm, 24.1500 mm): Pad SH [GND] of J1 on F.Cu
[unconnected_items]: Missing connection between items
    Local override; error
    @(26.2500 mm, 34.0000 mm): PTH pad SH [GND] of J1
    @(25.9500 mm, 32.7500 mm): Pad B1 [GND] of J1 on F.Cu
[unconnected_items]: Missing connection between items
    Local override; error
    @(27.5500 mm, 27.5000 mm): Pad A1 [GND] of J1 on F.Cu
    @(25.9500 mm, 27.2500 mm): Pad B12 [GND] of J1 on F.Cu
[unconnected_items]: Missing connection between items
    Local override; error
    @(27.5500 mm, 27.5000 mm): Pad A1 [GND] of J1 on F.Cu
    @(30.1500 mm, 25.5000 mm): Pad 1 [GND] of D3 on F.Cu
[unconnected_items]: Missing connection between items
    Local override; error
    @(27.5500 mm, 33.0000 mm): Pad A12 [GND] of J1 on F.Cu
    @(26.8500 mm, 34.3200 mm): PTH pad SH [GND] of J1
[unconnected_items]: Missing connection between items
    Local override; error
    @(29.9900 mm, 34.2500 mm): Pad 1 [GND] of TH1 on F.Cu
    @(27.5500 mm, 33.0000 mm): Pad A12 [GND] of J1 on F.Cu
[unconnected_items]: Missing connection between items
    Local override; error
    @(30.1500 mm, 25.5000 mm): Pad 1 [GND] of D3 on F.Cu
    @(33.2600 mm, 24.5000 mm): Pad 2 [GND] of R9 on F.Cu
[unconnected_items]: Missing connection between items
    Local override; error
    @(30.8500 mm, 29.0000 mm): Pad 2 [GND] of D4 on F.Cu
    @(32.2400 mm, 31.2500 mm): Pad 1 [GND] of R21 on F.Cu
[unconnected_items]: Missing connection between items
    Local override; error
    @(30.8500 mm, 29.0000 mm): Pad 2 [GND] of D4 on F.Cu
    @(30.1500 mm, 25.5000 mm): Pad 1 [GND] of D3 on F.Cu
[unconnected_items]: Missing connection between items
    Local override; error
    @(30.8500 mm, 32.5000 mm): Pad 2 [GND] of D5 on F.Cu
    @(32.2400 mm, 31.2500 mm): Pad 1 [GND] of R21 on F.Cu
[unconnected_items]: Missing connection between items
    Local override; error
    @(30.8500 mm, 32.5000 mm): Pad 2 [GND] of D5 on F.Cu
    @(29.9900 mm, 34.2500 mm): Pad 1 [GND] of TH1 on F.Cu
[unconnected_items]: Missing connection between items
    Local override; error
    @(32.4800 mm, 21.5000 mm): Pad 2 [GND] of C2 on F.Cu
    @(29.4800 mm, 21.5000 mm): Pad 2 [GND] of C1 on F.Cu
[unconnected_items]: Missing connection between items
    Local override; error
    @(32.4800 mm, 21.5000 mm): Pad 2 [GND] of C2 on F.Cu
    @(33.2600 mm, 24.5000 mm): Pad 2 [GND] of R9 on F.Cu
[unconnected_items]: Missing connection between items
    Local override; error
    @(34.0000 mm, 28.6150 mm): Pad 8 [GND] of U9 on F.Cu
    @(34.0000 mm, 29.3870 mm): Pad 3 [GND] of U9 on F.Cu
[unconnected_items]: Missing connection between items
    Local override; error
    @(34.0000 mm, 29.3870 mm): Pad 3 [GND] of U9 on F.Cu
    @(32.2400 mm, 31.2500 mm): Pad 1 [GND] of R21 on F.Cu
[unconnected_items]: Missing connection between items
    Local override; error
    @(36.7000 mm, 22.2500 mm): Pad 2 [GND] of C3 on F.Cu
    @(39.9800 mm, 21.5000 mm): Pad 2 [GND] of C4 on F.Cu
[unconnected_items]: Missing connection between items
    Local override; error
    @(36.7000 mm, 22.2500 mm): Pad 2 [GND] of C3 on F.Cu
    @(33.2600 mm, 24.5000 mm): Pad 2 [GND] of R9 on F.Cu
[unconnected_items]: Missing connection between items
    Local override; error
    @(37.0375 mm, 29.7500 mm): Pad 3 [GND] of U1 on F.Cu
    @(39.0000 mm, 30.0000 mm): Pad 25 [GND] of U1 on F.Cu
[unconnected_items]: Missing connection between items
    Local override; error
    @(37.0375 mm, 29.7500 mm): Pad 3 [GND] of U1 on F.Cu
    @(34.0000 mm, 29.3870 mm): Pad 3 [GND] of U9 on F.Cu
[unconnected_items]: Missing connection between items
    Local override; error
    @(42.0150 mm, 21.5000 mm): Pad 1 [GND] of D1 on F.Cu
    @(39.9800 mm, 21.5000 mm): Pad 2 [GND] of C4 on F.Cu
[unconnected_items]: Missing connection between items
    Local override; error
    @(42.0150 mm, 21.5000 mm): Pad 1 [GND] of D1 on F.Cu
    @(41.7250 mm, 24.5000 mm): Pad 2 [GND] of C8 on F.Cu
[unconnected_items]: Missing connection between items
    Local override; error
    @(46.4750 mm, 54.0000 mm): Pad 2 [GND] of C15 on F.Cu
    @(49.4750 mm, 58.0000 mm): Pad 2 [GND] of C16 on F.Cu
[unconnected_items]: Missing connection between items
    Local override; error
    @(49.4750 mm, 58.0000 mm): Pad 2 [GND] of C16 on F.Cu
    @(57.3500 mm, 57.3500 mm): Pad 5 [GND] of U4 on F.Cu
[unconnected_items]: Missing connection between items
    Local override; error
    @(52.5500 mm, 69.0000 mm): Pad 2 [GND] of BT1 on F.Cu
    @(59.2500 mm, 73.5020 mm): Pad 1 [GND] of J3 on F.Cu
[unconnected_items]: Missing connection between items
    Local override; error
    @(56.4000 mm, 53.0000 mm): Pad 2 [GND] of D2 on F.Cu
    @(57.4975 mm, 48.6350 mm): Pad 3 [GND] of U5 on F.Cu
[unconnected_items]: Missing connection between items
    Local override; error
    @(57.0100 mm, 62.0000 mm): Pad 2 [GND] of R46 on F.Cu
    @(57.3500 mm, 57.3500 mm): Pad 5 [GND] of U4 on F.Cu
[unconnected_items]: Missing connection between items
    Local override; error
    @(59.0000 mm, 53.4900 mm): Pad 2 [GND] of R40 on F.Cu
    @(61.5000 mm, 53.5200 mm): Pad 2 [GND] of C18 on F.Cu
[unconnected_items]: Missing connection between items
    Local override; error
    @(59.0000 mm, 53.4900 mm): Pad 2 [GND] of R40 on F.Cu
    @(56.4000 mm, 53.0000 mm): Pad 2 [GND] of D2 on F.Cu
[unconnected_items]: Missing connection between items
    Local override; error
    @(59.0000 mm, 53.4900 mm): Pad 2 [GND] of R40 on F.Cu
    @(57.3500 mm, 57.3500 mm): Pad 5 [GND] of U4 on F.Cu
[unconnected_items]: Missing connection between items
    Local override; error
    @(59.2500 mm, 73.5020 mm): Pad 1 [GND] of J3 on F.Cu
    @(65.2500 mm, 73.5020 mm): Pad 13 [GND] of J3 on F.Cu
[unconnected_items]: Missing connection between items
    Local override; error
    @(59.8500 mm, 38.5000 mm): Pad 2 [GND] of U3 on F.Cu
    @(59.8500 mm, 38.0000 mm): Pad 1 [GND] of U3 on F.Cu
[unconnected_items]: Missing connection between items
    Local override; error
    @(59.8500 mm, 38.5000 mm): Pad 2 [GND] of U3 on F.Cu
    @(57.0000 mm, 41.5200 mm): Pad 2 [GND] of C14 on F.Cu
[unconnected_items]: Missing connection between items
    Local override; error
    @(61.2300 mm, 23.0000 mm): Pad 2 [GND] of C11 on F.Cu
    @(75.0800 mm, 22.5000 mm): PTH pad 2 [GND] of J4
[unconnected_items]: Missing connection between items
    Local override; error
    @(61.2300 mm, 23.0000 mm): Pad 2 [GND] of C11 on F.Cu
    @(42.0150 mm, 21.5000 mm): Pad 1 [GND] of D1 on F.Cu
[unconnected_items]: Missing connection between items
    Local override; error
    @(62.4750 mm, 59.5000 mm): Pad 2 [GND] of C20 on F.Cu
    @(57.3500 mm, 57.3500 mm): Pad 5 [GND] of U4 on F.Cu
[unconnected_items]: Missing connection between items
    Local override; error
    @(62.4750 mm, 59.5000 mm): Pad 2 [GND] of C20 on F.Cu
    @(68.2600 mm, 59.0000 mm): Pad 2 [GND] of R29 on F.Cu
[unconnected_items]: Missing connection between items
    Local override; error
    @(64.0000 mm, 53.5200 mm): Pad 2 [GND] of C19 on F.Cu
    @(61.5000 mm, 53.5200 mm): Pad 2 [GND] of C18 on F.Cu
[unconnected_items]: Missing connection between items
    Local override; error
    @(64.1500 mm, 39.5000 mm): Pad 7 [GND] of U3 on F.Cu
    @(59.8500 mm, 38.5000 mm): Pad 2 [GND] of U3 on F.Cu
[unconnected_items]: Missing connection between items
    Local override; error
    @(65.2500 mm, 73.5020 mm): Pad 13 [GND] of J3 on F.Cu
    @(65.7500 mm, 73.5020 mm): Pad 14 [GND] of J3 on F.Cu
[unconnected_items]: Missing connection between items
    Local override; error
    @(65.7500 mm, 73.5020 mm): Pad 14 [GND] of J3 on F.Cu
    @(66.2500 mm, 73.5020 mm): Pad 15 [GND] of J3 on F.Cu
[unconnected_items]: Missing connection between items
    Local override; error
    @(66.2500 mm, 73.5020 mm): Pad 15 [GND] of J3 on F.Cu
    @(66.7500 mm, 73.5020 mm): Pad 16 [GND] of J3 on F.Cu
[unconnected_items]: Missing connection between items
    Local override; error
    @(66.7500 mm, 73.5020 mm): Pad 16 [GND] of J3 on F.Cu
    @(67.2500 mm, 73.5020 mm): Pad 17 [GND] of J3 on F.Cu
[unconnected_items]: Missing connection between items
    Local override; error
    @(67.2500 mm, 73.5020 mm): Pad 17 [GND] of J3 on F.Cu
    @(67.7500 mm, 73.5020 mm): Pad 18 [GND] of J3 on F.Cu
[unconnected_items]: Missing connection between items
    Local override; error
    @(67.7125 mm, 65.5000 mm): Pad 4 [GND] of U7 on F.Cu
    @(68.2600 mm, 60.5000 mm): Pad 2 [GND] of R45 on F.Cu
[unconnected_items]: Missing connection between items
    Local override; error
    @(67.7125 mm, 65.5000 mm): Pad 4 [GND] of U7 on F.Cu
    @(67.7500 mm, 73.5020 mm): Pad 18 [GND] of J3 on F.Cu
[unconnected_items]: Missing connection between items
    Local override; error
    @(67.7500 mm, 73.5020 mm): Pad 18 [GND] of J3 on F.Cu
    @(68.2500 mm, 73.5020 mm): Pad 19 [GND] of J3 on F.Cu
[unconnected_items]: Missing connection between items
    Local override; error
    @(67.9750 mm, 49.0000 mm): Pad 2 [GND] of C13 on F.Cu
    @(64.0000 mm, 53.5200 mm): Pad 2 [GND] of C19 on F.Cu
[unconnected_items]: Missing connection between items
    Local override; error
    @(68.2500 mm, 73.5020 mm): Pad 19 [GND] of J3 on F.Cu
    @(68.7500 mm, 73.5020 mm): Pad 20 [GND] of J3 on F.Cu
[unconnected_items]: Missing connection between items
    Local override; error
    @(68.2600 mm, 59.0000 mm): Pad 2 [GND] of R29 on F.Cu
    @(68.2600 mm, 60.5000 mm): Pad 2 [GND] of R45 on F.Cu
[unconnected_items]: Missing connection between items
    Local override; error
    @(68.2600 mm, 59.0000 mm): Pad 2 [GND] of R29 on F.Cu
    @(73.4750 mm, 59.5000 mm): Pad 2 [GND] of C21 on F.Cu
[unconnected_items]: Missing connection between items
    Local override; error
    @(68.7500 mm, 73.5020 mm): Pad 20 [GND] of J3 on F.Cu
    @(69.2500 mm, 73.5020 mm): Pad 21 [GND] of J3 on F.Cu
[unconnected_items]: Missing connection between items
    Local override; error
    @(69.2500 mm, 73.5020 mm): Pad 21 [GND] of J3 on F.Cu
    @(69.7500 mm, 73.5020 mm): Pad 22 [GND] of J3 on F.Cu
[unconnected_items]: Missing connection between items
    Local override; error
    @(69.4750 mm, 42.8000 mm): Pad 2 [GND] of C12 on F.Cu
    @(64.1500 mm, 39.5000 mm): Pad 7 [GND] of U3 on F.Cu
[unconnected_items]: Missing connection between items
    Local override; error
    @(69.4750 mm, 42.8000 mm): Pad 2 [GND] of C12 on F.Cu
    @(75.0800 mm, 30.1200 mm): PTH pad 2 [GND] of J4
[unconnected_items]: Missing connection between items
    Local override; error
    @(69.7500 mm, 73.5020 mm): Pad 22 [GND] of J3 on F.Cu
    @(70.2500 mm, 73.5020 mm): Pad 23 [GND] of J3 on F.Cu
[unconnected_items]: Missing connection between items
    Local override; error
    @(70.0000 mm, 45.4900 mm): Pad 2 [GND] of R42 on F.Cu
    @(69.4750 mm, 42.8000 mm): Pad 2 [GND] of C12 on F.Cu
[unconnected_items]: Missing connection between items
    Local override; error
    @(70.0000 mm, 45.4900 mm): Pad 2 [GND] of R42 on F.Cu
    @(70.0000 mm, 49.4900 mm): Pad 2 [GND] of R38 on F.Cu
[unconnected_items]: Missing connection between items
    Local override; error
    @(70.0000 mm, 49.4900 mm): Pad 2 [GND] of R38 on F.Cu
    @(67.9750 mm, 49.0000 mm): Pad 2 [GND] of C13 on F.Cu
[unconnected_items]: Missing connection between items
    Local override; error
    @(70.2500 mm, 73.5020 mm): Pad 23 [GND] of J3 on F.Cu
    @(70.7500 mm, 73.5020 mm): Pad 24 [GND] of J3 on F.Cu
[unconnected_items]: Missing connection between items
    Local override; error
    @(70.7500 mm, 73.5020 mm): Pad 24 [GND] of J3 on F.Cu
    @(71.2500 mm, 73.5020 mm): Pad 25 [GND] of J3 on F.Cu
[unconnected_items]: Missing connection between items
    Local override; error
    @(71.2500 mm, 73.5020 mm): Pad 25 [GND] of J3 on F.Cu
    @(71.7500 mm, 73.5020 mm): Pad 26 [GND] of J3 on F.Cu
[unconnected_items]: Missing connection between items
    Local override; error
    @(71.7500 mm, 73.5020 mm): Pad 26 [GND] of J3 on F.Cu
    @(72.2500 mm, 73.5020 mm): Pad 27 [GND] of J3 on F.Cu
[unconnected_items]: Missing connection between items
    Local override; error
    @(72.2500 mm, 73.5020 mm): Pad 27 [GND] of J3 on F.Cu
    @(72.7500 mm, 73.5020 mm): Pad 28 [GND] of J3 on F.Cu
[unconnected_items]: Missing connection between items
    Local override; error
    @(72.7500 mm, 73.5020 mm): Pad 28 [GND] of J3 on F.Cu
    @(73.2500 mm, 73.5020 mm): Pad 29 [GND] of J3 on F.Cu
[unconnected_items]: Missing connection between items
    Local override; error
    @(73.2500 mm, 73.5020 mm): Pad 29 [GND] of J3 on F.Cu
    @(74.2500 mm, 73.5020 mm): Pad 31 [GND] of J3 on F.Cu
[unconnected_items]: Missing connection between items
    Local override; error
    @(73.9375 mm, 55.0000 mm): Pad 3 [GND] of U6 on F.Cu
    @(73.4750 mm, 59.5000 mm): Pad 2 [GND] of C21 on F.Cu
[unconnected_items]: Missing connection between items
    Local override; error
    @(74.2500 mm, 73.5020 mm): Pad 31 [GND] of J3 on F.Cu
    @(78.2500 mm, 73.5020 mm): Pad 39 [GND] of J3 on F.Cu
[unconnected_items]: Missing connection between items
    Local override; error
    @(75.0800 mm, 22.5000 mm): PTH pad 2 [GND] of J4
    @(75.0800 mm, 30.1200 mm): PTH pad 2 [GND] of J4
[unconnected_items]: Missing connection between items
    Local override; error
    @(78.2500 mm, 73.5020 mm): Pad 39 [GND] of J3 on F.Cu
    @(81.0000 mm, 71.5000 mm): PTH pad 5 [GND] of SW3
[unconnected_items]: Missing connection between items
    Local override; error
    @(78.4750 mm, 66.9050 mm): Pad 5 [GND] of U8 on F.Cu
    @(81.0000 mm, 71.5000 mm): PTH pad 5 [GND] of SW3
[unconnected_items]: Missing connection between items
    Local override; error
    @(78.4750 mm, 66.9050 mm): Pad 5 [GND] of U8 on F.Cu
    @(81.4800 mm, 61.0000 mm): Pad 2 [GND] of C22 on F.Cu
[unconnected_items]: Missing connection between items
    Local override; error
    @(81.0000 mm, 71.5000 mm): PTH pad 5 [GND] of SW3
    @(97.5000 mm, 69.0000 mm): PTH pad 2 [GND] of SW3
[unconnected_items]: Missing connection between items
    Local override; error
    @(81.4800 mm, 61.0000 mm): Pad 2 [GND] of C22 on F.Cu
    @(83.0000 mm, 52.4600 mm): PTH pad 3 [GND] of J2
[unconnected_items]: Missing connection between items
    Local override; error
    @(81.9250 mm, 46.9250 mm): Pad 1 [GND] of SW1 on F.Cu
    @(86.0750 mm, 46.9250 mm): Pad 1 [GND] of SW1 on F.Cu
[unconnected_items]: Missing connection between items
    Local override; error
    @(81.9250 mm, 46.9250 mm): Pad 1 [GND] of SW1 on F.Cu
    @(83.0000 mm, 52.4600 mm): PTH pad 3 [GND] of J2
[unconnected_items]: Missing connection between items
    Local override; error
    @(84.9500 mm, 42.5000 mm): Pad 2 [GND] of C5 on F.Cu
    @(88.4800 mm, 42.5000 mm): Pad 2 [GND] of C6 on F.Cu
[unconnected_items]: Missing connection between items
    Local override; error
    @(86.0750 mm, 46.9250 mm): Pad 1 [GND] of SW1 on F.Cu
    @(89.9250 mm, 46.9250 mm): Pad 1 [GND] of SW2 on F.Cu
[unconnected_items]: Missing connection between items
    Local override; error
    @(88.4800 mm, 42.5000 mm): Pad 2 [GND] of C6 on F.Cu
    @(90.5200 mm, 42.5000 mm): Pad 1 [GND] of C7 on F.Cu
[unconnected_items]: Missing connection between items
    Local override; error
    @(89.9250 mm, 46.9250 mm): Pad 1 [GND] of SW2 on F.Cu
    @(94.0750 mm, 46.9250 mm): Pad 1 [GND] of SW2 on F.Cu
[unconnected_items]: Missing connection between items
    Local override; error
    @(90.5200 mm, 42.5000 mm): Pad 1 [GND] of C7 on F.Cu
    @(94.4800 mm, 42.5000 mm): Pad 2 [GND] of C9 on F.Cu
[unconnected_items]: Missing connection between items
    Local override; error
    @(94.0750 mm, 46.9250 mm): Pad 1 [GND] of SW2 on F.Cu
    @(94.4800 mm, 42.5000 mm): Pad 2 [GND] of C9 on F.Cu
[unconnected_items]: Missing connection between items
    Local override; error
    @(94.4800 mm, 42.5000 mm): Pad 2 [GND] of C9 on F.Cu
    @(97.4800 mm, 42.5000 mm): Pad 2 [GND] of C10 on F.Cu
[unconnected_items]: Missing connection between items
    Local override; error
    @(95.5400 mm, 28.4950 mm): Pad 29 [GND] of U2 on F.Cu
    @(96.7900 mm, 28.4950 mm): Pad 29 [GND] of U2 on F.Cu
[unconnected_items]: Missing connection between items
    Local override; error
    @(95.5400 mm, 28.4950 mm): Pad 29 [GND] of U2 on F.Cu
    @(95.5400 mm, 27.2450 mm): Pad 29 [GND] of U2 on F.Cu
[unconnected_items]: Missing connection between items
    Local override; error
    @(95.5400 mm, 28.4950 mm): Pad 29 [GND] of U2 on F.Cu
    @(95.5400 mm, 29.7450 mm): Pad 29 [GND] of U2 on F.Cu
[unconnected_items]: Missing connection between items
    Local override; error
    @(96.7900 mm, 27.2450 mm): Pad 29 [GND] of U2 on F.Cu
    @(95.5400 mm, 27.2450 mm): Pad 29 [GND] of U2 on F.Cu
[unconnected_items]: Missing connection between items
    Local override; error
    @(96.7900 mm, 28.4950 mm): Pad 29 [GND] of U2 on F.Cu
    @(96.7900 mm, 29.7450 mm): Pad 29 [GND] of U2 on F.Cu
[unconnected_items]: Missing connection between items
    Local override; error
    @(96.7900 mm, 29.7450 mm): Pad 29 [GND] of U2 on F.Cu
    @(98.0400 mm, 29.7450 mm): Pad 29 [GND] of U2 on F.Cu
[unconnected_items]: Missing connection between items
    Local override; error
    @(97.4800 mm, 42.5000 mm): Pad 2 [GND] of C10 on F.Cu
    @(100.2600 mm, 42.5000 mm): Pad 2 [GND] of R23 on F.Cu
[unconnected_items]: Missing connection between items
    Local override; error
    @(98.0400 mm, 27.2450 mm): Pad 29 [GND] of U2 on F.Cu
    @(96.7900 mm, 27.2450 mm): Pad 29 [GND] of U2 on F.Cu
[unconnected_items]: Missing connection between items
    Local override; error
    @(98.0400 mm, 29.7450 mm): Pad 29 [GND] of U2 on F.Cu
    @(98.0400 mm, 28.4950 mm): Pad 29 [GND] of U2 on F.Cu
[unconnected_items]: Missing connection between items
    Local override; error
    @(98.0400 mm, 29.7450 mm): Pad 29 [GND] of U2 on F.Cu
    @(102.5100 mm, 38.7500 mm): Pad 28 [GND] of U2 on F.Cu
[unconnected_items]: Missing connection between items
    Local override; error
    @(102.5100 mm, 21.2500 mm): Pad 1 [GND] of U2 on F.Cu
    @(98.0400 mm, 27.2450 mm): Pad 29 [GND] of U2 on F.Cu
[unconnected_items]: Missing connection between items
    Local override; error
    @(102.5100 mm, 38.7500 mm): Pad 28 [GND] of U2 on F.Cu
    @(100.2600 mm, 42.5000 mm): Pad 2 [GND] of R23 on F.Cu
[unconnected_items]: Missing connection between items
    Local override; error
    @(39.0200 mm, 21.5000 mm): Pad 1 [PD_5V] of C4 on F.Cu
    @(39.7500 mm, 28.0375 mm): Pad 20 [PD_5V] of U1 on F.Cu
[unconnected_items]: Missing connection between items
    Local override; error
    @(39.0200 mm, 21.5000 mm): Pad 1 [PD_5V] of C4 on F.Cu
    @(29.9900 mm, 23.0000 mm): Pad 1 [PD_5V] of R6 on F.Cu
[unconnected_items]: Missing connection between items
    Local override; error
    @(39.5000 mm, 38.7500 mm): Pad 1 [PD_5V] of TP4 on F.Cu
    @(39.7500 mm, 28.0375 mm): Pad 20 [PD_5V] of U1 on F.Cu
[unconnected_items]: Missing connection between items
    Local override; error
    @(47.9900 mm, 21.5000 mm): Pad 1 [PD_5V] of R5 on F.Cu
    @(39.0200 mm, 21.5000 mm): Pad 1 [PD_5V] of C4 on F.Cu
[unconnected_items]: Missing connection between items
    Local override; error
    @(48.7600 mm, 39.0000 mm): Pad 2 [Net-(C19-Pad1)] of R41 on F.Cu
    @(64.0000 mm, 54.4800 mm): Pad 1 [Net-(C19-Pad1)] of C19 on F.Cu
[unconnected_items]: Missing connection between items
    Local override; error
    @(42.9625 mm, 42.7500 mm): Pad 2 [/POWER GENERATION/EN_CTRL] of R43 on F.Cu
    @(62.5025 mm, 46.0950 mm): Pad 8 [/POWER GENERATION/EN_CTRL] of U5 on F.Cu
[unconnected_items]: Missing connection between items
    Local override; error
    @(70.0000 mm, 46.5100 mm): Pad 1 [/POWER GENERATION/EN_CTRL] of R42 on F.Cu
    @(62.5025 mm, 46.0950 mm): Pad 8 [/POWER GENERATION/EN_CTRL] of U5 on F.Cu
[unconnected_items]: Missing connection between items
    Local override; error
    @(72.0625 mm, 54.0500 mm): Pad 1 [/POWER GENERATION/EN_CTRL] of U6 on F.Cu
    @(70.0000 mm, 46.5100 mm): Pad 1 [/POWER GENERATION/EN_CTRL] of R42 on F.Cu
[unconnected_items]: Missing connection between items
    Local override; error
    @(72.0625 mm, 55.9500 mm): Pad 2 [/POWER GENERATION/EN_CTRL] of U6 on F.Cu
    @(72.0625 mm, 54.0500 mm): Pad 1 [/POWER GENERATION/EN_CTRL] of U6 on F.Cu
[unconnected_items]: Missing connection between items
    Local override; error
    @(28.5200 mm, 21.5000 mm): Pad 1 [Net-(U1-V18)] of C1 on F.Cu
    @(40.2500 mm, 31.9625 mm): Pad 12 [Net-(U1-V18)] of U1 on F.Cu
[unconnected_items]: Missing connection between items
    Local override; error
    @(37.0375 mm, 30.7500 mm): Pad 5 [PD_I2C_SCL_5V] of U1 on F.Cu
    @(35.1875 mm, 35.0000 mm): Pad 3 [PD_I2C_SCL_5V] of Q1 on F.Cu
[unconnected_items]: Missing connection between items
    Local override; error
    @(49.0100 mm, 21.5000 mm): Pad 2 [PD_I2C_SCL_5V] of R5 on F.Cu
    @(37.0375 mm, 30.7500 mm): Pad 5 [PD_I2C_SCL_5V] of U1 on F.Cu
[unconnected_items]: Missing connection between items
    Local override; error
    @(54.6500 mm, 57.3500 mm): Pad 8 [Net-(U4-EVI)] of U4 on F.Cu
    @(99.2400 mm, 42.5000 mm): Pad 1 [Net-(U4-EVI)] of R23 on F.Cu
[unconnected_items]: Missing connection between items
    Local override; error
    @(25.9500 mm, 31.2500 mm): Pad B4 [USB_VBUS] of J1 on F.Cu
    @(27.5500 mm, 31.5000 mm): Pad A9 [USB_VBUS] of J1 on F.Cu
[unconnected_items]: Missing connection between items
    Local override; error
    @(27.5500 mm, 29.0000 mm): Pad A4 [USB_VBUS] of J1 on F.Cu
    @(25.9500 mm, 28.7500 mm): Pad B9 [USB_VBUS] of J1 on F.Cu
[unconnected_items]: Missing connection between items
    Local override; error
    @(27.5500 mm, 29.0000 mm): Pad A4 [USB_VBUS] of J1 on F.Cu
    @(27.5500 mm, 31.5000 mm): Pad A9 [USB_VBUS] of J1 on F.Cu
[unconnected_items]: Missing connection between items
    Local override; error
    @(30.5000 mm, 36.5000 mm): Pad 1 [USB_VBUS] of TP1 on F.Cu
    @(27.5500 mm, 31.5000 mm): Pad A9 [USB_VBUS] of J1 on F.Cu
[unconnected_items]: Missing connection between items
    Local override; error
    @(30.8500 mm, 25.5000 mm): Pad 2 [USB_VBUS] of D3 on F.Cu
    @(27.5500 mm, 29.0000 mm): Pad A4 [USB_VBUS] of J1 on F.Cu
[unconnected_items]: Missing connection between items
    Local override; error
    @(37.0375 mm, 28.7500 mm): Pad 1 [USB_VBUS] of U1 on F.Cu
    @(30.8500 mm, 25.5000 mm): Pad 2 [USB_VBUS] of D3 on F.Cu
[unconnected_items]: Missing connection between items
    Local override; error
    @(37.0375 mm, 28.7500 mm): Pad 1 [USB_VBUS] of U1 on F.Cu
    @(52.0375 mm, 22.5000 mm): Pad 1 [USB_VBUS] of R11 on F.Cu
[unconnected_items]: Missing connection between items
    Local override; error
    @(33.5000 mm, 38.7500 mm): Pad 1 [PD_VBUS_SENSED] of TP2 on F.Cu
    @(37.7500 mm, 28.0375 mm): Pad 24 [PD_VBUS_SENSED] of U1 on F.Cu
[unconnected_items]: Missing connection between items
    Local override; error
    @(34.8000 mm, 22.2500 mm): Pad 1 [PD_VBUS_SENSED] of C3 on F.Cu
    @(37.7500 mm, 28.0375 mm): Pad 24 [PD_VBUS_SENSED] of U1 on F.Cu
[unconnected_items]: Missing connection between items
    Local override; error
    @(49.4750 mm, 25.0950 mm): Pad 8 [PD_VBUS_SENSED] of Q4 on F.Cu
    @(49.4750 mm, 26.3650 mm): Pad 7 [PD_VBUS_SENSED] of Q4 on F.Cu
[unconnected_items]: Missing connection between items
    Local override; error
    @(49.4750 mm, 26.3650 mm): Pad 7 [PD_VBUS_SENSED] of Q4 on F.Cu
    @(49.4750 mm, 27.6350 mm): Pad 6 [PD_VBUS_SENSED] of Q4 on F.Cu
[unconnected_items]: Missing connection between items
    Local override; error
    @(49.4750 mm, 27.6350 mm): Pad 6 [PD_VBUS_SENSED] of Q4 on F.Cu
    @(37.7500 mm, 28.0375 mm): Pad 24 [PD_VBUS_SENSED] of U1 on F.Cu
[unconnected_items]: Missing connection between items
    Local override; error
    @(49.4750 mm, 28.9050 mm): Pad 5 [PD_VBUS_SENSED] of Q4 on F.Cu
    @(49.4750 mm, 27.6350 mm): Pad 6 [PD_VBUS_SENSED] of Q4 on F.Cu
[unconnected_items]: Missing connection between items
    Local override; error
    @(57.9625 mm, 22.5000 mm): Pad 2 [PD_VBUS_SENSED] of R11 on F.Cu
    @(49.4750 mm, 25.0950 mm): Pad 8 [PD_VBUS_SENSED] of Q4 on F.Cu
[unconnected_items]: Missing connection between items
    Local override; error
    @(37.8125 mm, 34.0500 mm): Pad 1 [+3.3V] of Q2 on F.Cu
    @(33.3125 mm, 34.0500 mm): Pad 1 [+3.3V] of Q1 on F.Cu
[unconnected_items]: Missing connection between items
    Local override; error
    @(37.8125 mm, 34.0500 mm): Pad 1 [+3.3V] of Q2 on F.Cu
    @(44.7400 mm, 39.0000 mm): Pad 1 [+3.3V] of R39 on F.Cu
[unconnected_items]: Missing connection between items
    Local override; error
    @(37.8125 mm, 34.0500 mm): Pad 1 [+3.3V] of Q2 on F.Cu
    @(43.4900 mm, 23.0000 mm): Pad 1 [+3.3V] of R7 on F.Cu
[unconnected_items]: Missing connection between items
    Local override; error
    @(43.5250 mm, 54.0000 mm): Pad 1 [+3.3V] of C15 on F.Cu
    @(46.5250 mm, 58.0000 mm): Pad 1 [+3.3V] of C16 on F.Cu
[unconnected_items]: Missing connection between items
    Local override; error
    @(46.0100 mm, 21.5000 mm): Pad 2 [+3.3V] of R4 on F.Cu
    @(43.4900 mm, 23.0000 mm): Pad 1 [+3.3V] of R7 on F.Cu
[unconnected_items]: Missing connection between items
    Local override; error
    @(46.0100 mm, 21.5000 mm): Pad 2 [+3.3V] of R4 on F.Cu
    @(60.2700 mm, 23.0000 mm): Pad 1 [+3.3V] of C11 on F.Cu
[unconnected_items]: Missing connection between items
    Local override; error
    @(47.8000 mm, 47.0000 mm): Pad 2 [+3.3V] of L1 on F.Cu
    @(43.5250 mm, 54.0000 mm): Pad 1 [+3.3V] of C15 on F.Cu
[unconnected_items]: Missing connection between items
    Local override; error
    @(47.8000 mm, 47.0000 mm): Pad 2 [+3.3V] of L1 on F.Cu
    @(44.7400 mm, 39.0000 mm): Pad 1 [+3.3V] of R39 on F.Cu
[unconnected_items]: Missing connection between items
    Local override; error
    @(55.5500 mm, 57.3500 mm): Pad 7 [+3.3V] of U4 on F.Cu
    @(55.9900 mm, 60.5000 mm): Pad 1 [+3.3V] of R36 on F.Cu
[unconnected_items]: Missing connection between items
    Local override; error
    @(55.5500 mm, 57.3500 mm): Pad 7 [+3.3V] of U4 on F.Cu
    @(46.5250 mm, 58.0000 mm): Pad 1 [+3.3V] of C16 on F.Cu
[unconnected_items]: Missing connection between items
    Local override; error
    @(55.9900 mm, 60.5000 mm): Pad 1 [+3.3V] of R36 on F.Cu
    @(59.5250 mm, 59.5000 mm): Pad 1 [+3.3V] of C20 on F.Cu
[unconnected_items]: Missing connection between items
    Local override; error
    @(59.5250 mm, 59.5000 mm): Pad 1 [+3.3V] of C20 on F.Cu
    @(59.8150 mm, 65.0000 mm): Pad 1 [+3.3V] of L2 on F.Cu
[unconnected_items]: Missing connection between items
    Local override; error
    @(59.8150 mm, 65.0000 mm): Pad 1 [+3.3V] of L2 on F.Cu
    @(66.2875 mm, 65.0000 mm): Pad 2 [+3.3V] of U7 on F.Cu
[unconnected_items]: Missing connection between items
    Local override; error
    @(60.2700 mm, 23.0000 mm): Pad 1 [+3.3V] of C11 on F.Cu
    @(63.2400 mm, 23.0000 mm): Pad 1 [+3.3V] of R27 on F.Cu
[unconnected_items]: Missing connection between items
    Local override; error
    @(62.2500 mm, 73.5020 mm): Pad 7 [+3.3V] of J3 on F.Cu
    @(62.7500 mm, 73.5020 mm): Pad 8 [+3.3V] of J3 on F.Cu
[unconnected_items]: Missing connection between items
    Local override; error
    @(62.7500 mm, 73.5020 mm): Pad 8 [+3.3V] of J3 on F.Cu
    @(66.2875 mm, 65.5000 mm): Pad 3 [+3.3V] of U7 on F.Cu
[unconnected_items]: Missing connection between items
    Local override; error
    @(64.1500 mm, 40.0000 mm): Pad 6 [+3.3V] of U3 on F.Cu
    @(77.4900 mm, 41.0000 mm): Pad 1 [+3.3V] of R1 on F.Cu
[unconnected_items]: Missing connection between items
    Local override; error
    @(66.2875 mm, 65.5000 mm): Pad 3 [+3.3V] of U7 on F.Cu
    @(66.2875 mm, 65.0000 mm): Pad 2 [+3.3V] of U7 on F.Cu
[unconnected_items]: Missing connection between items
    Local override; error
    @(74.7500 mm, 73.5020 mm): Pad 32 [+3.3V] of J3 on F.Cu
    @(75.2500 mm, 73.5020 mm): Pad 33 [+3.3V] of J3 on F.Cu
[unconnected_items]: Missing connection between items
    Local override; error
    @(74.7500 mm, 73.5020 mm): Pad 32 [+3.3V] of J3 on F.Cu
    @(66.2875 mm, 65.5000 mm): Pad 3 [+3.3V] of U7 on F.Cu
[unconnected_items]: Missing connection between items
    Local override; error
    @(75.4900 mm, 59.0000 mm): Pad 1 [+3.3V] of R34 on F.Cu
    @(66.2875 mm, 65.0000 mm): Pad 2 [+3.3V] of U7 on F.Cu
[unconnected_items]: Missing connection between items
    Local override; error
    @(77.4900 mm, 41.0000 mm): Pad 1 [+3.3V] of R1 on F.Cu
    @(83.0500 mm, 42.5000 mm): Pad 1 [+3.3V] of C5 on F.Cu
[unconnected_items]: Missing connection between items
    Local override; error
    @(77.4900 mm, 44.0000 mm): Pad 1 [+3.3V] of R24 on F.Cu
    @(77.4900 mm, 41.0000 mm): Pad 1 [+3.3V] of R1 on F.Cu
[unconnected_items]: Missing connection between items
    Local override; error
    @(78.4900 mm, 59.0000 mm): Pad 1 [+3.3V] of R35 on F.Cu
    @(75.4900 mm, 59.0000 mm): Pad 1 [+3.3V] of R34 on F.Cu
[unconnected_items]: Missing connection between items
    Local override; error
    @(78.4900 mm, 59.0000 mm): Pad 1 [+3.3V] of R35 on F.Cu
    @(77.4900 mm, 44.0000 mm): Pad 1 [+3.3V] of R24 on F.Cu
[unconnected_items]: Missing connection between items
    Local override; error
    @(87.2400 mm, 44.0000 mm): Pad 1 [+3.3V] of R25 on F.Cu
    @(87.5200 mm, 42.5000 mm): Pad 1 [+3.3V] of C6 on F.Cu
[unconnected_items]: Missing connection between items
    Local override; error
    @(87.2400 mm, 44.0000 mm): Pad 1 [+3.3V] of R25 on F.Cu
    @(83.0500 mm, 42.5000 mm): Pad 1 [+3.3V] of C5 on F.Cu
[unconnected_items]: Missing connection between items
    Local override; error
    @(91.2600 mm, 44.0000 mm): Pad 2 [+3.3V] of R26 on F.Cu
    @(93.2400 mm, 44.0000 mm): Pad 1 [+3.3V] of R37 on F.Cu
[unconnected_items]: Missing connection between items
    Local override; error
    @(91.2600 mm, 44.0000 mm): Pad 2 [+3.3V] of R26 on F.Cu
    @(87.2400 mm, 44.0000 mm): Pad 1 [+3.3V] of R25 on F.Cu
[unconnected_items]: Missing connection between items
    Local override; error
    @(93.5200 mm, 42.5000 mm): Pad 1 [+3.3V] of C9 on F.Cu
    @(93.2400 mm, 44.0000 mm): Pad 1 [+3.3V] of R37 on F.Cu
[unconnected_items]: Missing connection between items
    Local override; error
    @(94.2600 mm, 41.0000 mm): Pad 2 [+3.3V] of R10 on F.Cu
    @(93.5200 mm, 42.5000 mm): Pad 1 [+3.3V] of C9 on F.Cu
[unconnected_items]: Missing connection between items
    Local override; error
    @(94.2600 mm, 41.0000 mm): Pad 2 [+3.3V] of R10 on F.Cu
    @(101.2400 mm, 21.2500 mm): Pad 2 [+3.3V] of U2 on F.Cu
[unconnected_items]: Missing connection between items
    Local override; error
    @(44.9900 mm, 21.5000 mm): Pad 1 [PD_I2C_SCL_3V3] of R4 on F.Cu
    @(33.3125 mm, 35.9500 mm): Pad 2 [PD_I2C_SCL_3V3] of Q1 on F.Cu
[unconnected_items]: Missing connection between items
    Local override; error
    @(59.8500 mm, 40.0000 mm): Pad 5 [PD_I2C_SCL_3V3] of U3 on F.Cu
    @(44.9900 mm, 21.5000 mm): Pad 1 [PD_I2C_SCL_3V3] of R4 on F.Cu
[unconnected_items]: Missing connection between items
    Local override; error
    @(59.8500 mm, 40.0000 mm): Pad 5 [PD_I2C_SCL_3V3] of U3 on F.Cu
    @(87.2700 mm, 38.7500 mm): Pad 16 [PD_I2C_SCL_3V3] of U2 on F.Cu
[unconnected_items]: Missing connection between items
    Local override; error
    @(96.7500 mm, 44.7500 mm): Pad 1 [PD_I2C_SCL_3V3] of TP6 on F.Cu
    @(87.2700 mm, 38.7500 mm): Pad 16 [PD_I2C_SCL_3V3] of U2 on F.Cu
[unconnected_items]: Missing connection between items
    Local override; error
    @(81.9250 mm, 49.0750 mm): Pad 2 [Net-(U2-GPIO9)] of SW1 on F.Cu
    @(86.0750 mm, 49.0750 mm): Pad 2 [Net-(U2-GPIO9)] of SW1 on F.Cu
[unconnected_items]: Missing connection between items
    Local override; error
    @(86.0750 mm, 49.0750 mm): Pad 2 [Net-(U2-GPIO9)] of SW1 on F.Cu
    @(86.0000 mm, 38.7500 mm): Pad 15 [Net-(U2-GPIO9)] of U2 on F.Cu
[unconnected_items]: Missing connection between items
    Local override; error
    @(93.2400 mm, 41.0000 mm): Pad 1 [Net-(U2-GPIO9)] of R10 on F.Cu
    @(86.0000 mm, 38.7500 mm): Pad 15 [Net-(U2-GPIO9)] of U2 on F.Cu
[unconnected_items]: Missing connection between items
    Local override; error
    @(36.5000 mm, 38.7500 mm): Pad 1 [PD_VOUT] of TP3 on F.Cu
    @(33.2600 mm, 26.0000 mm): Pad 2 [PD_VOUT] of R13 on F.Cu
[unconnected_items]: Missing connection between items
    Local override; error
    @(37.0375 mm, 42.7500 mm): Pad 1 [PD_VOUT] of R43 on F.Cu
    @(36.5000 mm, 38.7500 mm): Pad 1 [PD_VOUT] of TP3 on F.Cu
[unconnected_items]: Missing connection between items
    Local override; error
    @(38.7750 mm, 24.5000 mm): Pad 1 [PD_VOUT] of C8 on F.Cu
    @(33.2600 mm, 26.0000 mm): Pad 2 [PD_VOUT] of R13 on F.Cu
[unconnected_items]: Missing connection between items
    Local override; error
    @(38.7750 mm, 24.5000 mm): Pad 1 [PD_VOUT] of C8 on F.Cu
    @(49.4750 mm, 32.0950 mm): Pad 8 [PD_VOUT] of Q3 on F.Cu
[unconnected_items]: Missing connection between items
    Local override; error
    @(49.4750 mm, 33.3650 mm): Pad 7 [PD_VOUT] of Q3 on F.Cu
    @(49.4750 mm, 32.0950 mm): Pad 8 [PD_VOUT] of Q3 on F.Cu
[unconnected_items]: Missing connection between items
    Local override; error
    @(49.4750 mm, 33.3650 mm): Pad 7 [PD_VOUT] of Q3 on F.Cu
    @(49.4750 mm, 34.6350 mm): Pad 6 [PD_VOUT] of Q3 on F.Cu
[unconnected_items]: Missing connection between items
    Local override; error
    @(49.4750 mm, 35.9050 mm): Pad 5 [PD_VOUT] of Q3 on F.Cu
    @(49.4750 mm, 34.6350 mm): Pad 6 [PD_VOUT] of Q3 on F.Cu
[unconnected_items]: Missing connection between items
    Local override; error
    @(55.0375 mm, 34.0000 mm): Pad 1 [PD_VOUT] of RShunt on F.Cu
    @(49.4750 mm, 34.6350 mm): Pad 6 [PD_VOUT] of Q3 on F.Cu
[unconnected_items]: Missing connection between items
    Local override; error
    @(55.0375 mm, 34.0000 mm): Pad 1 [PD_VOUT] of RShunt on F.Cu
    @(57.0000 mm, 42.4800 mm): Pad 1 [PD_VOUT] of C14 on F.Cu
[unconnected_items]: Missing connection between items
    Local override; error
    @(57.0000 mm, 42.4800 mm): Pad 1 [PD_VOUT] of C14 on F.Cu
    @(60.0000 mm, 48.0000 mm): Pad 9 [PD_VOUT] of U5 on F.Cu
[unconnected_items]: Missing connection between items
    Local override; error
    @(60.0000 mm, 48.0000 mm): Pad 9 [PD_VOUT] of U5 on F.Cu
    @(65.0250 mm, 49.0000 mm): Pad 1 [PD_VOUT] of C13 on F.Cu
[unconnected_items]: Missing connection between items
    Local override; error
    @(65.0250 mm, 49.0000 mm): Pad 1 [PD_VOUT] of C13 on F.Cu
    @(66.5250 mm, 42.8000 mm): Pad 1 [PD_VOUT] of C12 on F.Cu
[unconnected_items]: Missing connection between items
    Local override; error
    @(66.5250 mm, 42.8000 mm): Pad 1 [PD_VOUT] of C12 on F.Cu
    @(64.1500 mm, 38.0000 mm): Pad 10 [PD_VOUT] of U3 on F.Cu
[unconnected_items]: Missing connection between items
    Local override; error
    @(89.9250 mm, 49.0750 mm): Pad 2 [Net-(U2-EN/CHIP_PU)] of SW2 on F.Cu
    @(94.0750 mm, 49.0750 mm): Pad 2 [Net-(U2-EN/CHIP_PU)] of SW2 on F.Cu
[unconnected_items]: Missing connection between items
    Local override; error
    @(91.4800 mm, 42.5000 mm): Pad 2 [Net-(U2-EN/CHIP_PU)] of C7 on F.Cu
    @(89.9250 mm, 49.0750 mm): Pad 2 [Net-(U2-EN/CHIP_PU)] of SW2 on F.Cu
[unconnected_items]: Missing connection between items
    Local override; error
    @(91.4800 mm, 42.5000 mm): Pad 2 [Net-(U2-EN/CHIP_PU)] of C7 on F.Cu
    @(78.5100 mm, 41.0000 mm): Pad 2 [Net-(U2-EN/CHIP_PU)] of R1 on F.Cu
[unconnected_items]: Missing connection between items
    Local override; error
    @(99.9700 mm, 21.2500 mm): Pad 3 [Net-(U2-EN/CHIP_PU)] of U2 on F.Cu
    @(91.4800 mm, 42.5000 mm): Pad 2 [Net-(U2-EN/CHIP_PU)] of C7 on F.Cu
[unconnected_items]: Missing connection between items
    Local override; error
    @(64.2600 mm, 23.0000 mm): Pad 2 [INA_ALERT] of R27 on F.Cu
    @(59.8500 mm, 39.0000 mm): Pad 3 [INA_ALERT] of U3 on F.Cu
[unconnected_items]: Missing connection between items
    Local override; error
    @(99.9700 mm, 38.7500 mm): Pad 26 [INA_ALERT] of U2 on F.Cu
    @(64.2600 mm, 23.0000 mm): Pad 2 [INA_ALERT] of R27 on F.Cu
[unconnected_items]: Missing connection between items
    Local override; error
    @(64.2400 mm, 59.0000 mm): Pad 1 [TFT_BL_PWM] of R28 on F.Cu
    @(92.3500 mm, 21.2500 mm): Pad 9 [TFT_BL_PWM] of U2 on F.Cu
[unconnected_items]: Missing connection between items
    Local override; error
    @(67.2400 mm, 59.0000 mm): Pad 1 [Net-(U8-EN_PWM)] of R29 on F.Cu
    @(65.2600 mm, 59.0000 mm): Pad 2 [Net-(U8-EN_PWM)] of R28 on F.Cu
[unconnected_items]: Missing connection between items
    Local override; error
    @(78.4750 mm, 65.6350 mm): Pad 6 [Net-(U8-EN_PWM)] of U8 on F.Cu
    @(67.2400 mm, 59.0000 mm): Pad 1 [Net-(U8-EN_PWM)] of R29 on F.Cu
[unconnected_items]: Missing connection between items
    Local override; error
    @(42.5000 mm, 38.7500 mm): Pad 1 [/USB_PD_CONTROLLER/PD_GATE] of TP5 on F.Cu
    @(44.5250 mm, 35.9050 mm): Pad 4 [/USB_PD_CONTROLLER/PD_GATE] of Q3 on F.Cu
[unconnected_items]: Missing connection between items
    Local override; error
    @(44.5250 mm, 28.9050 mm): Pad 4 [/USB_PD_CONTROLLER/PD_GATE] of Q4 on F.Cu
    @(36.2600 mm, 24.5000 mm): Pad 2 [/USB_PD_CONTROLLER/PD_GATE] of R12 on F.Cu
[unconnected_items]: Missing connection between items
    Local override; error
    @(44.5250 mm, 35.9050 mm): Pad 4 [/USB_PD_CONTROLLER/PD_GATE] of Q3 on F.Cu
    @(44.5250 mm, 28.9050 mm): Pad 4 [/USB_PD_CONTROLLER/PD_GATE] of Q4 on F.Cu
[unconnected_items]: Missing connection between items
    Local override; error
    @(78.5100 mm, 44.0000 mm): Pad 2 [/MCU/RTC_INT] of R24 on F.Cu
    @(55.5500 mm, 58.6500 mm): Pad 2 [/MCU/RTC_INT] of U4 on F.Cu
[unconnected_items]: Missing connection between items
    Local override; error
    @(101.2400 mm, 38.7500 mm): Pad 27 [/MCU/RTC_INT] of U2 on F.Cu
    @(78.5100 mm, 44.0000 mm): Pad 2 [/MCU/RTC_INT] of R24 on F.Cu
[unconnected_items]: Missing connection between items
    Local override; error
    @(56.4500 mm, 58.6500 mm): Pad 3 [/MCU/RTC_SCL] of U4 on F.Cu
    @(88.2600 mm, 44.0000 mm): Pad 2 [/MCU/RTC_SCL] of R25 on F.Cu
[unconnected_items]: Missing connection between items
    Local override; error
    @(88.2600 mm, 44.0000 mm): Pad 2 [/MCU/RTC_SCL] of R25 on F.Cu
    @(94.8900 mm, 21.2500 mm): Pad 7 [/MCU/RTC_SCL] of U2 on F.Cu
[unconnected_items]: Missing connection between items
    Local override; error
    @(57.3500 mm, 58.6500 mm): Pad 4 [/MCU/RTC_SDA] of U4 on F.Cu
    @(90.2400 mm, 44.0000 mm): Pad 1 [/MCU/RTC_SDA] of R26 on F.Cu
[unconnected_items]: Missing connection between items
    Local override; error
    @(90.2400 mm, 44.0000 mm): Pad 1 [/MCU/RTC_SDA] of R26 on F.Cu
    @(96.1600 mm, 21.2500 mm): Pad 6 [/MCU/RTC_SDA] of U2 on F.Cu
[unconnected_items]: Missing connection between items
    Local override; error
    @(77.4900 mm, 42.5000 mm): Pad 1 [Net-(U4-VBACKUP)] of R22 on F.Cu
    @(56.4500 mm, 57.3500 mm): Pad 6 [Net-(U4-VBACKUP)] of U4 on F.Cu
[unconnected_items]: Missing connection between items
    Local override; error
    @(96.5200 mm, 42.5000 mm): Pad 1 [Net-(U4-VBACKUP)] of C10 on F.Cu
    @(77.4900 mm, 42.5000 mm): Pad 1 [Net-(U4-VBACKUP)] of R22 on F.Cu
[unconnected_items]: Missing connection between items
    Local override; error
    @(47.5100 mm, 23.0000 mm): Pad 2 [PD_INT_3V3] of R8 on F.Cu
    @(32.2400 mm, 24.5000 mm): Pad 1 [PD_INT_3V3] of R9 on F.Cu
[unconnected_items]: Missing connection between items
    Local override; error
    @(78.0000 mm, 46.2500 mm): Pad 1 [PD_INT_3V3] of TP8 on F.Cu
    @(89.8100 mm, 38.7500 mm): Pad 18 [PD_INT_3V3] of U2 on F.Cu
[unconnected_items]: Missing connection between items
    Local override; error
    @(78.0000 mm, 46.2500 mm): Pad 1 [PD_INT_3V3] of TP8 on F.Cu
    @(47.5100 mm, 23.0000 mm): Pad 2 [PD_INT_3V3] of R8 on F.Cu
[unconnected_items]: Missing connection between items
    Local override; error
    @(25.9500 mm, 30.7500 mm): Pad B5 [USB_CC2] of J1 on F.Cu
    @(30.1500 mm, 32.5000 mm): Pad 1 [USB_CC2] of D5 on F.Cu
[unconnected_items]: Missing connection between items
    Local override; error
    @(30.1500 mm, 32.5000 mm): Pad 1 [USB_CC2] of D5 on F.Cu
    @(40.9625 mm, 29.7500 mm): Pad 16 [USB_CC2] of U1 on F.Cu
[unconnected_items]: Missing connection between items
    Local override; error
    @(64.2400 mm, 60.5000 mm): Pad 1 [BACKLIGHT_4V2] of R44 on F.Cu
    @(67.7125 mm, 64.5000 mm): Pad 6 [BACKLIGHT_4V2] of U7 on F.Cu
[unconnected_items]: Missing connection between items
    Local override; error
    @(67.7125 mm, 64.5000 mm): Pad 6 [BACKLIGHT_4V2] of U7 on F.Cu
    @(70.5250 mm, 59.5000 mm): Pad 1 [BACKLIGHT_4V2] of C21 on F.Cu
[unconnected_items]: Missing connection between items
    Local override; error
    @(77.7500 mm, 73.5020 mm): Pad 38 [BACKLIGHT_4V2] of J3 on F.Cu
    @(78.4750 mm, 64.3650 mm): Pad 7 [BACKLIGHT_4V2] of U8 on F.Cu
[unconnected_items]: Missing connection between items
    Local override; error
    @(78.4750 mm, 64.3650 mm): Pad 7 [BACKLIGHT_4V2] of U8 on F.Cu
    @(80.5200 mm, 61.0000 mm): Pad 1 [BACKLIGHT_4V2] of C22 on F.Cu
[unconnected_items]: Missing connection between items
    Local override; error
    @(78.4750 mm, 64.3650 mm): Pad 7 [BACKLIGHT_4V2] of U8 on F.Cu
    @(70.5250 mm, 59.5000 mm): Pad 1 [BACKLIGHT_4V2] of C21 on F.Cu
[unconnected_items]: Missing connection between items
    Local override; error
    @(27.5500 mm, 30.0000 mm): Pad A6 [USB_DP] of J1 on F.Cu
    @(25.9500 mm, 30.2500 mm): Pad B6 [USB_DP] of J1 on F.Cu
[unconnected_items]: Missing connection between items
    Local override; error
    @(33.0000 mm, 29.3870 mm): Pad 1 [USB_DP] of U9 on F.Cu
    @(27.5500 mm, 30.0000 mm): Pad A6 [USB_DP] of J1 on F.Cu
[unconnected_items]: Missing connection between items
    Local override; error
    @(88.2600 mm, 41.0000 mm): Pad 2 [USB_DP] of R2 on F.Cu
    @(33.0000 mm, 29.3870 mm): Pad 1 [USB_DP] of U9 on F.Cu
[unconnected_items]: Missing connection between items
    Local override; error
    @(25.9500 mm, 29.7500 mm): Pad B7 [USB_DM] of J1 on F.Cu
    @(27.5500 mm, 30.5000 mm): Pad A7 [USB_DM] of J1 on F.Cu
[unconnected_items]: Missing connection between items
    Local override; error
    @(27.5500 mm, 30.5000 mm): Pad A7 [USB_DM] of J1 on F.Cu
    @(33.5000 mm, 29.3870 mm): Pad 2 [USB_DM] of U9 on F.Cu
[unconnected_items]: Missing connection between items
    Local override; error
    @(91.2600 mm, 41.0000 mm): Pad 2 [USB_DM] of R3 on F.Cu
    @(33.5000 mm, 29.3870 mm): Pad 2 [USB_DM] of U9 on F.Cu
[unconnected_items]: Missing connection between items
    Local override; error
    @(54.2000 mm, 47.0000 mm): Pad 1 [/POWER GENERATION/LX_SW] of L1 on F.Cu
    @(53.6000 mm, 53.0000 mm): Pad 1 [/POWER GENERATION/LX_SW] of D2 on F.Cu
[unconnected_items]: Missing connection between items
    Local override; error
    @(57.4975 mm, 46.0950 mm): Pad 1 [/POWER GENERATION/LX_SW] of U5 on F.Cu
    @(54.2000 mm, 47.0000 mm): Pad 1 [/POWER GENERATION/LX_SW] of L1 on F.Cu
[unconnected_items]: Missing connection between items
    Local override; error
    @(66.5000 mm, 52.5200 mm): Pad 2 [/POWER GENERATION/LX_SW] of C17 on F.Cu
    @(57.4975 mm, 46.0950 mm): Pad 1 [/POWER GENERATION/LX_SW] of U5 on F.Cu
[unconnected_items]: Missing connection between items
    Local override; error
    @(57.4975 mm, 47.3650 mm): Pad 2 [Net-(U5-BST)] of U5 on F.Cu
    @(66.5000 mm, 53.4800 mm): Pad 1 [Net-(U5-BST)] of C17 on F.Cu
[unconnected_items]: Missing connection between items
    Local override; error
    @(57.4975 mm, 49.9050 mm): Pad 4 [/POWER GENERATION/FSW_SET] of U5 on F.Cu
    @(70.0000 mm, 50.5100 mm): Pad 1 [/POWER GENERATION/FSW_SET] of R38 on F.Cu
[unconnected_items]: Missing connection between items
    Local override; error
    @(47.7400 mm, 39.0000 mm): Pad 1 [/POWER GENERATION/COMP_NODE] of R41 on F.Cu
    @(62.5025 mm, 49.9050 mm): Pad 5 [/POWER GENERATION/COMP_NODE] of U5 on F.Cu
[unconnected_items]: Missing connection between items
    Local override; error
    @(59.0000 mm, 54.5100 mm): Pad 1 [/POWER GENERATION/FB_3V3] of R40 on F.Cu
    @(62.5025 mm, 48.6350 mm): Pad 6 [/POWER GENERATION/FB_3V3] of U5 on F.Cu
[unconnected_items]: Missing connection between items
    Local override; error
    @(62.5025 mm, 48.6350 mm): Pad 6 [/POWER GENERATION/FB_3V3] of U5 on F.Cu
    @(45.7600 mm, 39.0000 mm): Pad 2 [/POWER GENERATION/FB_3V3] of R39 on F.Cu
[unconnected_items]: Missing connection between items
    Local override; error
    @(61.5000 mm, 54.4800 mm): Pad 1 [/POWER GENERATION/SS_RAMP] of C18 on F.Cu
    @(62.5025 mm, 47.3650 mm): Pad 7 [/POWER GENERATION/SS_RAMP] of U5 on F.Cu
[unconnected_items]: Missing connection between items
    Local override; error
    @(37.0375 mm, 30.2500 mm): Pad 4 [PD_I2C_SDA_5V] of U1 on F.Cu
    @(31.0100 mm, 23.0000 mm): Pad 2 [PD_I2C_SDA_5V] of R6 on F.Cu
[unconnected_items]: Missing connection between items
    Local override; error
    @(39.6875 mm, 35.0000 mm): Pad 3 [PD_I2C_SDA_5V] of Q2 on F.Cu
    @(37.0375 mm, 30.2500 mm): Pad 4 [PD_I2C_SDA_5V] of U1 on F.Cu
[unconnected_items]: Missing connection between items
    Local override; error
    @(35.2400 mm, 26.0000 mm): Pad 1 [Net-(U1-LED)] of R14 on F.Cu
    @(38.2500 mm, 31.9625 mm): Pad 8 [Net-(U1-LED)] of U1 on F.Cu
[unconnected_items]: Missing connection between items
    Local override; error
    @(38.7500 mm, 31.9625 mm): Pad 9 [PD_INT_5V] of U1 on F.Cu
    @(46.4900 mm, 23.0000 mm): Pad 1 [PD_INT_5V] of R8 on F.Cu
[unconnected_items]: Missing connection between items
    Local override; error
    @(33.2600 mm, 31.2500 mm): Pad 2 [Net-(U1-VSEL)] of R21 on F.Cu
    @(39.7500 mm, 31.9625 mm): Pad 11 [Net-(U1-VSEL)] of U1 on F.Cu
[unconnected_items]: Missing connection between items
    Local override; error
    @(31.0100 mm, 34.2500 mm): Pad 2 [Net-(U1-OTP)] of TH1 on F.Cu
    @(40.9625 mm, 31.2500 mm): Pad 13 [Net-(U1-OTP)] of U1 on F.Cu
[unconnected_items]: Missing connection between items
    Local override; error
    @(31.5200 mm, 21.5000 mm): Pad 1 [Net-(U1-IFB)] of C2 on F.Cu
    @(40.9625 mm, 30.2500 mm): Pad 15 [Net-(U1-IFB)] of U1 on F.Cu
[unconnected_items]: Missing connection between items
    Local override; error
    @(30.1500 mm, 29.0000 mm): Pad 1 [USB_CC1] of D4 on F.Cu
    @(27.5500 mm, 29.5000 mm): Pad A5 [USB_CC1] of J1 on F.Cu
[unconnected_items]: Missing connection between items
    Local override; error
    @(40.9625 mm, 29.2500 mm): Pad 17 [USB_CC1] of U1 on F.Cu
    @(30.1500 mm, 29.0000 mm): Pad 1 [USB_CC1] of D4 on F.Cu
[unconnected_items]: Missing connection between items
    Local override; error
    @(32.2400 mm, 26.0000 mm): Pad 1 [Net-(U1-VOUT)] of R13 on F.Cu
    @(38.7500 mm, 28.0375 mm): Pad 22 [Net-(U1-VOUT)] of U1 on F.Cu
[unconnected_items]: Missing connection between items
    Local override; error
    @(35.2400 mm, 24.5000 mm): Pad 1 [Net-(U1-PWR_EN)] of R12 on F.Cu
    @(38.2500 mm, 28.0375 mm): Pad 23 [Net-(U1-PWR_EN)] of U1 on F.Cu
[unconnected_items]: Missing connection between items
    Local override; error
    @(64.2500 mm, 73.5020 mm): Pad 11 [TFT_SCLK] of J3 on F.Cu
    @(98.7000 mm, 21.2500 mm): Pad 4 [TFT_SCLK] of U2 on F.Cu
[unconnected_items]: Missing connection between items
    Local override; error
    @(63.2500 mm, 73.5020 mm): Pad 9 [TFT_MOSI] of J3 on F.Cu
    @(97.4300 mm, 21.2500 mm): Pad 5 [TFT_MOSI] of U2 on F.Cu
[unconnected_items]: Missing connection between items
    Local override; error
    @(93.6200 mm, 21.2500 mm): Pad 8 [Net-(U2-GPIO0/ADC1_CH0/XTAL_32K_P)] of U2 on F.Cu
    @(100.2600 mm, 41.0000 mm): Pad 2 [Net-(U2-GPIO0/ADC1_CH0/XTAL_32K_P)] of R16 on F.Cu
[unconnected_items]: Missing connection between items
    Local override; error
    @(94.2600 mm, 44.0000 mm): Pad 2 [Net-(U2-GPIO8)] of R37 on F.Cu
    @(96.2400 mm, 41.0000 mm): Pad 1 [Net-(U2-GPIO8)] of R15 on F.Cu
[unconnected_items]: Missing connection between items
    Local override; error
    @(96.2400 mm, 41.0000 mm): Pad 1 [Net-(U2-GPIO8)] of R15 on F.Cu
    @(91.0800 mm, 21.2500 mm): Pad 10 [Net-(U2-GPIO8)] of U2 on F.Cu
[unconnected_items]: Missing connection between items
    Local override; error
    @(63.7500 mm, 73.5020 mm): Pad 10 [TFT_CS] of J3 on F.Cu
    @(89.8100 mm, 21.2500 mm): Pad 11 [TFT_CS] of U2 on F.Cu
[unconnected_items]: Missing connection between items
    Local override; error
    @(64.7500 mm, 73.5020 mm): Pad 12 [TFT_DC] of J3 on F.Cu
    @(88.5400 mm, 21.2500 mm): Pad 12 [TFT_DC] of U2 on F.Cu
[unconnected_items]: Missing connection between items
    Local override; error
    @(87.2700 mm, 21.2500 mm): Pad 13 [Net-(U2-GPIO12/USB_D-)] of U2 on F.Cu
    @(90.2400 mm, 41.0000 mm): Pad 1 [Net-(U2-GPIO12/USB_D-)] of R3 on F.Cu
[unconnected_items]: Missing connection between items
    Local override; error
    @(86.0000 mm, 21.2500 mm): Pad 14 [Net-(U2-GPIO13/USB_D+)] of U2 on F.Cu
    @(87.2400 mm, 41.0000 mm): Pad 1 [Net-(U2-GPIO13/USB_D+)] of R2 on F.Cu
[unconnected_items]: Missing connection between items
    Local override; error
    @(37.8125 mm, 35.9500 mm): Pad 2 [PD_I2C_SDA_3V3] of Q2 on F.Cu
    @(59.8500 mm, 39.5000 mm): Pad 4 [PD_I2C_SDA_3V3] of U3 on F.Cu
[unconnected_items]: Missing connection between items
    Local override; error
    @(44.5100 mm, 23.0000 mm): Pad 2 [PD_I2C_SDA_3V3] of R7 on F.Cu
    @(37.8125 mm, 35.9500 mm): Pad 2 [PD_I2C_SDA_3V3] of Q2 on F.Cu
[unconnected_items]: Missing connection between items
    Local override; error
    @(59.8500 mm, 39.5000 mm): Pad 4 [PD_I2C_SDA_3V3] of U3 on F.Cu
    @(88.5400 mm, 38.7500 mm): Pad 17 [PD_I2C_SDA_3V3] of U2 on F.Cu
[unconnected_items]: Missing connection between items
    Local override; error
    @(99.7500 mm, 44.7500 mm): Pad 1 [PD_I2C_SDA_3V3] of TP7 on F.Cu
    @(88.5400 mm, 38.7500 mm): Pad 17 [PD_I2C_SDA_3V3] of U2 on F.Cu
[unconnected_items]: Missing connection between items
    Local override; error
    @(57.0100 mm, 60.5000 mm): Pad 2 [ENCODER_SW] of R36 on F.Cu
    @(81.0000 mm, 66.5000 mm): PTH pad 4 [ENCODER_SW] of SW3
[unconnected_items]: Missing connection between items
    Local override; error
    @(81.0000 mm, 66.5000 mm): PTH pad 4 [ENCODER_SW] of SW3
    @(91.0800 mm, 38.7500 mm): Pad 19 [ENCODER_SW] of U2 on F.Cu
[unconnected_items]: Missing connection between items
    Local override; error
    @(76.5100 mm, 59.0000 mm): Pad 2 [ENCODER_A] of R34 on F.Cu
    @(97.5000 mm, 66.5000 mm): PTH pad 1 [ENCODER_A] of SW3
[unconnected_items]: Missing connection between items
    Local override; error
    @(92.3500 mm, 38.7500 mm): Pad 20 [ENCODER_A] of U2 on F.Cu
    @(76.5100 mm, 59.0000 mm): Pad 2 [ENCODER_A] of R34 on F.Cu
[unconnected_items]: Missing connection between items
    Local override; error
    @(79.5100 mm, 59.0000 mm): Pad 2 [ENCODER_B] of R35 on F.Cu
    @(97.5000 mm, 71.5000 mm): PTH pad 3 [ENCODER_B] of SW3
[unconnected_items]: Missing connection between items
    Local override; error
    @(93.6200 mm, 38.7500 mm): Pad 21 [ENCODER_B] of U2 on F.Cu
    @(79.5100 mm, 59.0000 mm): Pad 2 [ENCODER_B] of R35 on F.Cu
[unconnected_items]: Missing connection between items
    Local override; error
    @(73.7500 mm, 73.5020 mm): Pad 30 [TFT_RST] of J3 on F.Cu
    @(96.1600 mm, 38.7500 mm): Pad 23 [TFT_RST] of U2 on F.Cu
[unconnected_items]: Missing connection between items
    Local override; error
    @(83.0000 mm, 55.0000 mm): PTH pad 2 [/MCU/UART_RX] of J2
    @(97.4300 mm, 38.7500 mm): Pad 24 [/MCU/UART_RX] of U2 on F.Cu
[unconnected_items]: Missing connection between items
    Local override; error
    @(83.0000 mm, 57.5400 mm): PTH pad 1 [/MCU/UART_TX] of J2
    @(98.7000 mm, 38.7500 mm): Pad 25 [/MCU/UART_TX] of U2 on F.Cu
[unconnected_items]: Missing connection between items
    Local override; error
    @(96.7500 mm, 47.7500 mm): Pad 1 [Net-(R15-Pad2)] of TP9 on F.Cu
    @(97.2600 mm, 41.0000 mm): Pad 2 [Net-(R15-Pad2)] of R15 on F.Cu
[unconnected_items]: Missing connection between items
    Local override; error
    @(66.2875 mm, 64.5000 mm): Pad 1 [/USER INTERFACE/BL_BOOST_FB] of U7 on F.Cu
    @(67.2400 mm, 60.5000 mm): Pad 1 [/USER INTERFACE/BL_BOOST_FB] of R45 on F.Cu
[unconnected_items]: Missing connection between items
    Local override; error
    @(67.2400 mm, 60.5000 mm): Pad 1 [/USER INTERFACE/BL_BOOST_FB] of R45 on F.Cu
    @(65.2600 mm, 60.5000 mm): Pad 2 [/USER INTERFACE/BL_BOOST_FB] of R44 on F.Cu
[unconnected_items]: Missing connection between items
    Local override; error
    @(36.2600 mm, 26.0000 mm): Pad 2 [Net-(D1-A)] of R14 on F.Cu
    @(42.9850 mm, 21.5000 mm): Pad 2 [Net-(D1-A)] of D1 on F.Cu
[unconnected_items]: Missing connection between items
    Local override; error
    @(44.5250 mm, 25.0950 mm): Pad 1 [Net-(Q3-S-Pad1)] of Q4 on F.Cu
    @(44.5250 mm, 26.3650 mm): Pad 2 [Net-(Q3-S-Pad1)] of Q4 on F.Cu
[unconnected_items]: Missing connection between items
    Local override; error
    @(44.5250 mm, 26.3650 mm): Pad 2 [Net-(Q3-S-Pad1)] of Q4 on F.Cu
    @(44.5250 mm, 27.6350 mm): Pad 3 [Net-(Q3-S-Pad1)] of Q4 on F.Cu
[unconnected_items]: Missing connection between items
    Local override; error
    @(44.5250 mm, 27.6350 mm): Pad 3 [Net-(Q3-S-Pad1)] of Q4 on F.Cu
    @(44.5250 mm, 32.0950 mm): Pad 1 [Net-(Q3-S-Pad1)] of Q3 on F.Cu
[unconnected_items]: Missing connection between items
    Local override; error
    @(44.5250 mm, 32.0950 mm): Pad 1 [Net-(Q3-S-Pad1)] of Q3 on F.Cu
    @(44.5250 mm, 33.3650 mm): Pad 2 [Net-(Q3-S-Pad1)] of Q3 on F.Cu
[unconnected_items]: Missing connection between items
    Local override; error
    @(44.5250 mm, 33.3650 mm): Pad 2 [Net-(Q3-S-Pad1)] of Q3 on F.Cu
    @(44.5250 mm, 34.6350 mm): Pad 3 [Net-(Q3-S-Pad1)] of Q3 on F.Cu
[unconnected_items]: Missing connection between items
    Local override; error
    @(23.4500 mm, 69.0000 mm): Pad 1 [Net-(BT1-+)] of BT1 on F.Cu
    @(78.5100 mm, 42.5000 mm): Pad 2 [Net-(BT1-+)] of R22 on F.Cu
[unconnected_items]: Missing connection between items
    Local override; error
    @(73.5250 mm, 63.0950 mm): Pad 1 [/USER INTERFACE/BL_K1] of U8 on F.Cu
    @(75.7500 mm, 73.5020 mm): Pad 34 [/USER INTERFACE/BL_K1] of J3 on F.Cu
[unconnected_items]: Missing connection between items
    Local override; error
    @(73.5250 mm, 64.3650 mm): Pad 2 [/USER INTERFACE/BL_K2] of U8 on F.Cu
    @(76.2500 mm, 73.5020 mm): Pad 35 [/USER INTERFACE/BL_K2] of J3 on F.Cu
[unconnected_items]: Missing connection between items
    Local override; error
    @(73.5250 mm, 65.6350 mm): Pad 3 [/USER INTERFACE/BL_K3] of U8 on F.Cu
    @(76.7500 mm, 73.5020 mm): Pad 36 [/USER INTERFACE/BL_K3] of J3 on F.Cu
[unconnected_items]: Missing connection between items
    Local override; error
    @(73.5250 mm, 66.9050 mm): Pad 4 [/USER INTERFACE/BL_K4] of U8 on F.Cu
    @(77.2500 mm, 73.5020 mm): Pad 37 [/USER INTERFACE/BL_K4] of J3 on F.Cu
[unconnected_items]: Missing connection between items
    Local override; error
    @(55.9900 mm, 62.0000 mm): Pad 1 [Net-(U8-RSET)] of R46 on F.Cu
    @(78.4750 mm, 63.0950 mm): Pad 8 [Net-(U8-RSET)] of U8 on F.Cu
[unconnected_items]: Missing connection between items
    Local override; error
    @(62.1850 mm, 65.0000 mm): Pad 2 [/USER INTERFACE/BL_BOOST_SW] of L2 on F.Cu
    @(67.7125 mm, 65.0000 mm): Pad 5 [/USER INTERFACE/BL_BOOST_SW] of U7 on F.Cu
[unconnected_items]: Missing connection between items
    Local override; error
    @(99.2400 mm, 41.0000 mm): Pad 1 [Net-(R16-Pad1)] of R16 on F.Cu
    @(99.7500 mm, 47.7500 mm): Pad 1 [Net-(R16-Pad1)] of TP10 on F.Cu

** Found 0 Footprint errors **

** Ignored checks **
    - Footprint has no courtyard defined
    - Track endpoint not centered on via
    - Tuning profile track geometries
    - Footprint doesn't match symbol's footprint filters
    - Footprint component type doesn't match footprint pads

** End of Report **
