ERC report (2026-09-11T10:09:25, Encoding UTF8)
Report includes: Errors, Warnings

***** Sheet /
[isolated_pin_label]: Label connected to only one pin
    ; warning
    @(132.08 mm, 162.56 mm): Global Label 'BACKLIGHT_3V0'

***** Sheet /USB_PD_CONTROLLER/

***** Sheet /USB_C_INPUT/

***** Sheet /MCU/

***** Sheet /USER INTERFACE/

***** Sheet /POWER GENERATION/

***** Sheet /POWER SENSING/

***** Sheet /POWER OUTPUT/

***** Sheet /USB_PD_CONTROLLER/CALC_USB_PD_CONTROLLER/

***** Sheet /USB_C_INPUT/CALC_USB_C_INPUT/

***** Sheet /MCU/CALC_MCU/

***** Sheet /USER INTERFACE/USER/

 ** ERC messages: 1  Errors 0  Warnings 1

 ** Ignored checks:
    - Global label only appears once in the schematic
    - Four connection points are joined together
    - SPICE model issue
    - Assigned footprint doesn't match footprint filters
